[bracketweb.com/tolakwp/onepage-home-two/index.html]
[backblue.gif]
[fade.gif]
[index.html]
[bracketweb.com/tolakwp/wp-content/plugins/woocommerce/assets/client/blocks/wc-blocks190f.css]
[bracketweb.com/tolakwp/wp-content/plugins/contact-form-7/includes/css/stylese2db.css]
[bracketweb.com/tolakwp/wp-content/plugins/layerdrops-toolbar/assets/css/layerdrops-toolbarf494.css]
[bracketweb.com/tolakwp/wp-content/plugins/woo-smart-quick-view/assets/libs/slick/slick8717.css]
[bracketweb.com/tolakwp/wp-content/plugins/woo-smart-quick-view/assets/libs/perfect-scrollbar/css/perfect-scrollbar.min8717.css]
[bracketweb.com/tolakwp/wp-content/plugins/woo-smart-quick-view/assets/libs/perfect-scrollbar/css/custom-theme8717.css]
[bracketweb.com/tolakwp/wp-content/plugins/woo-smart-quick-view/assets/libs/magnific-popup/magnific-popup8717.css]
[bracketweb.com/tolakwp/wp-content/plugins/woo-smart-quick-view/assets/libs/feather/feather8717.css]
[bracketweb.com/tolakwp/wp-content/plugins/woo-smart-quick-view/assets/css/icons8603.css]
[bracketweb.com/tolakwp/wp-content/plugins/woo-smart-quick-view/assets/css/frontend8603.css]
[bracketweb.com/tolakwp/wp-content/plugins/woo-smart-wishlist/assets/css/icons1f93.css]
[bracketweb.com/tolakwp/wp-content/plugins/woo-smart-wishlist/assets/css/frontend1f93.css]
[bracketweb.com/tolakwp/wp-content/plugins/elementor/assets/lib/eicons/css/elementor-icons.mine94d.css]
[bracketweb.com/tolakwp/wp-content/plugins/elementor/assets/css/frontend-lite.mind5d5.css]
[bracketweb.com/tolakwp/wp-content/plugins/elementor/assets/lib/swiper/v8/css/swiper.min94a4.css]
[bracketweb.com/tolakwp/wp-content/uploads/elementor/css/post-55274.css]
[bracketweb.com/tolakwp/wp-content/uploads/elementor/css/post-191396fa.css]
[bracketweb.com/tolakwp/wp-content/plugins/tolak-addon/assets/vendors/animate/animate.minc57d.css]
[bracketweb.com/tolakwp/wp-content/plugins/tolak-addon/assets/vendors/animate/custom-animatec57d.css]
[bracketweb.com/tolakwp/wp-content/plugins/tolak-addon/assets/vendors/bootstrap-select/css/bootstrap-select.minc57d.css]
[bracketweb.com/tolakwp/wp-content/plugins/tolak-addon/assets/vendors/bxslider/jquery.bxsliderc57d.css]
[bracketweb.com/tolakwp/wp-content/plugins/tolak-addon/assets/vendors/jarallax/jarallaxc57d.css]
[bracketweb.com/tolakwp/wp-content/plugins/tolak-addon/assets/vendors/jquery-magnific-popup/jquery.magnific-popupc57d.css]
[bracketweb.com/tolakwp/wp-content/plugins/tolak-addon/assets/vendors/odometer/odometer.minc57d.css]
[bracketweb.com/tolakwp/wp-content/plugins/tolak-addon/assets/vendors/owl-carousel/owl.carousel.minc57d.css]
[bracketweb.com/tolakwp/wp-content/plugins/tolak-addon/assets/vendors/owl-carousel/owl.theme.default.minc57d.css]
[bracketweb.com/tolakwp/wp-content/plugins/tolak-addon/assets/vendors/reey-font/stylesheetc57d.css]
[bracketweb.com/tolakwp/wp-content/plugins/tolak-addon/assets/vendors/alagambe-font/stylesheetc57d.css]
[bracketweb.com/tolakwp/wp-content/plugins/tolak-addon/assets/vendors/timepicker/timePickerc57d.css]
[bracketweb.com/tolakwp/wp-content/plugins/tolak-addon/assets/vendors/jquery-ui/jquery-uic57d.css]
[bracketweb.com/tolakwp/wp-content/themes/tolak/assets/vendors/flaticons/css/flaticon4963.css]
[bracketweb.com/tolakwp/wp-content/themes/tolak/assets/vendors/tolak-icons/style4963.css]
[bracketweb.com/tolakwp/wp-content/themes/tolak/assets/vendors/tolak-icons-two/style4963.css]
[bracketweb.com/tolakwp/wp-content/themes/tolak/assets/vendors/bootstrap/css/bootstrap.minbb93.css]
[bracketweb.com/tolakwp/wp-content/themes/tolak/assets/vendors/fontawesome/css/all.min9e0b.css]
[bracketweb.com/tolakwp/wp-content/themes/tolak/assets/vendors/icofont/icofont.min9e0b.css]
[bracketweb.com/tolakwp/wp-content/uploads/2024/02/page-header-bg-1-1.png]
[bracketweb.com/tolakwp/wp-content/themes/tolak/stylef494.css]
[bracketweb.com/tolakwp/wp-content/plugins/elementor/assets/lib/font-awesome/css/fontawesome.min52d5.css]
[bracketweb.com/tolakwp/wp-content/plugins/elementor/assets/lib/font-awesome/css/brands.min52d5.css]
[bracketweb.com/tolakwp/wp-content/plugins/tolak-addon/assets/vendors/tolak-icons/style4963.css]
[bracketweb.com/tolakwp/wp-includes/js/jquery/jquery.minf43b.js]
[bracketweb.com/tolakwp/wp-includes/js/jquery/jquery-migrate.min5589.js]
[cdnjs.cloudflare.com/ajax/libs/js-cookie/2.1.2/js.cookie.minf494.js]
[bracketweb.com/tolakwp/wp-content/plugins/woocommerce/assets/js/jquery-blockui/jquery.blockUI.minaa77.js]
[bracketweb.com/tolakwp/wp-content/plugins/woocommerce/assets/js/frontend/add-to-cart.min7f86.js]
[bracketweb.com/tolakwp/wp-content/plugins/woocommerce/assets/js/frontend/woocommerce.min7f86.js]
[bracketweb.com/tolakwp/wp-includes/js/underscore.min55e2.js]
[bracketweb.com/tolakwp/wp-includes/js/wp-util.min8717.js]
[bracketweb.com/tolakwp/wp-content/uploads/2024/02/cropped-favicon-32x32-1-32x32.png]
[bracketweb.com/tolakwp/wp-content/uploads/2024/02/cropped-favicon-32x32-1-192x192.png]
[bracketweb.com/tolakwp/wp-content/uploads/2024/02/cropped-favicon-32x32-1-180x180.png]
[bracketweb.com/tolakwp/wp-content/uploads/elementor/css/post-1022c7b7.css]
[bracketweb.com/tolakwp/wp-content/uploads/2024/02/header-bg.jpg]
[bracketweb.com/tolakwp/wp-content/uploads/2024/02/logo-light.png]
[bracketweb.com/tolakwp/wp-content/uploads/2024/02/home-showcase-1.jpg]
[bracketweb.com/tolakwp/wp-content/uploads/2024/02/home-showcase-2.jpg]
[bracketweb.com/tolakwp/wp-content/uploads/2024/02/home-showcase-3.jpg]
[bracketweb.com/tolakwp/wp-content/uploads/2024/02/home-showcase-4.jpg]
[bracketweb.com/tolakwp/wp-content/uploads/2024/02/slider-2-bg-1.png]
[bracketweb.com/tolakwp/wp-content/uploads/2024/02/slider-2-shape-1.png]
[bracketweb.com/tolakwp/wp-content/uploads/2024/02/slider-2-2.jpg]
[bracketweb.com/tolakwp/wp-content/uploads/2024/02/slider-2-shape-2.png]
[bracketweb.com/tolakwp/wp-content/uploads/2024/02/slider-2-1-1.jpg]
[bracketweb.com/tolakwp/wp-content/uploads/2024/02/service-2-1.jpg]
[bracketweb.com/tolakwp/wp-content/uploads/2024/02/service-2-2.jpg]
[bracketweb.com/tolakwp/wp-content/uploads/2024/02/service-2-3.jpg]
[bracketweb.com/tolakwp/wp-content/uploads/2024/02/service-2-4.jpg]
[bracketweb.com/tolakwp/wp-content/uploads/2024/02/service-2-5.jpg]
[bracketweb.com/tolakwp/wp-content/uploads/2024/02/service-2-6.jpg]
[bracketweb.com/tolakwp/wp-content/uploads/2024/02/about-2-1.jpg]
[bracketweb.com/tolakwp/wp-content/uploads/2024/02/about-2-2.jpg]
[bracketweb.com/tolakwp/wp-content/uploads/2024/02/about-2-shape-1.png]
[bracketweb.com/tolakwp/wp-content/uploads/2024/02/about-2-1.png]
[bracketweb.com/tolakwp/wp-content/uploads/2024/02/about-2-shape-2.png]
[bracketweb.com/tolakwp/wp-content/uploads/2024/03/faq-1-1.jpg]
[bracketweb.com/tolakwp/wp-content/uploads/2024/02/brand-1-1.png]
[bracketweb.com/tolakwp/wp-content/uploads/2024/02/brand-1-1-hover.png]
[bracketweb.com/tolakwp/wp-content/uploads/2024/02/project-2-1.jpg]
[bracketweb.com/tolakwp/wp-content/uploads/2024/02/project-2-2.jpg]
[bracketweb.com/tolakwp/wp-content/uploads/2024/02/project-2-3.jpg]
[bracketweb.com/tolakwp/wp-content/uploads/2024/02/project-2-4.jpg]
[bracketweb.com/tolakwp/wp-content/uploads/2024/02/project-2-5.jpg]
[bracketweb.com/tolakwp/wp-content/uploads/2024/02/project-2-6.jpg]
[bracketweb.com/tolakwp/wp-content/uploads/2024/02/cta-4-bg.jpg]
[bracketweb.com/tolakwp/wp-content/uploads/2024/02/cta-4-border.png]
[bracketweb.com/tolakwp/wp-content/uploads/2024/02/cta-4-bg-overlay.png]
[bracketweb.com/tolakwp/wp-content/uploads/2024/02/cta-4-1.png]
[bracketweb.com/tolakwp/wp-content/uploads/2024/02/work-process-bg-1.png]
[bracketweb.com/tolakwp/wp-content/uploads/2024/02/work-process-1-bg.jpg]
[bracketweb.com/tolakwp/wp-content/uploads/2024/02/work-process-1.jpg]
[bracketweb.com/tolakwp/wp-content/uploads/2024/02/work-process-2.jpg]
[bracketweb.com/tolakwp/wp-content/uploads/2024/02/work-process-3.jpg]
[bracketweb.com/tolakwp/wp-content/uploads/2024/02/work-process-4.jpg]
[bracketweb.com/tolakwp/wp-content/uploads/2024/02/testimonial-bg-1.jpg]
[bracketweb.com/tolakwp/wp-content/uploads/2024/02/testi-1-1.jpg]
[bracketweb.com/tolakwp/wp-content/uploads/2024/02/testi-1-2.jpg]
[bracketweb.com/tolakwp/wp-content/uploads/2024/02/testi-1-4.jpg]
[bracketweb.com/tolakwp/wp-content/uploads/2024/02/testi-1-5.jpg]
[bracketweb.com/tolakwp/wp-content/uploads/2024/02/cta-3-1.png]
[bracketweb.com/tolakwp/wp-content/uploads/2024/02/cta-1-author-1-1.jpg]
[bracketweb.com/tolakwp/wp-content/uploads/2024/02/cta-1-author-2-1.jpg]
[bracketweb.com/tolakwp/wp-content/uploads/2024/02/cta-1-author-3-1.jpg]
[bracketweb.com/tolakwp/wp-content/uploads/2024/02/blog_7-570x310.jpg]
[bracketweb.com/tolakwp/wp-content/uploads/2024/02/blog_6-570x310.jpg]
[bracketweb.com/tolakwp/wp-content/uploads/2024/02/blog_5-570x310.jpg]
[bracketweb.com/tolakwp/wp-content/uploads/2024/02/blog_4-570x310.jpg]
[bracketweb.com/tolakwp/wp-content/uploads/2024/02/blog_2-570x310.jpg]
[bracketweb.com/tolakwp/wp-content/uploads/2024/02/blog_3-570x310.jpg]
[bracketweb.com/tolakwp/wp-content/uploads/2024/02/blog_7.jpg]
[bracketweb.com/tolakwp/wp-content/uploads/2024/02/blog_6.jpg]
[bracketweb.com/tolakwp/wp-includes/js/dist/hooks.min394d.js]
[bracketweb.com/tolakwp/wp-includes/js/dist/i18n.mineca5.js]
[bracketweb.com/tolakwp/wp-content/plugins/contact-form-7/includes/swv/js/indexe2db.js]
[bracketweb.com/tolakwp/wp-content/plugins/contact-form-7/includes/js/indexe2db.js]
[bracketweb.com/tolakwp/wp-content/plugins/layerdrops-toolbar/assets/js/jQuery.style.switcher.minf494.js]
[bracketweb.com/tolakwp/wp-content/plugins/layerdrops-toolbar/assets/js/color-switcherf494.js]
[bracketweb.com/tolakwp/wp-content/plugins/woocommerce/assets/js/sourcebuster/sourcebuster.min7f86.js]
[bracketweb.com/tolakwp/wp-content/plugins/woocommerce/assets/js/frontend/order-attribution.min7f86.js]
[bracketweb.com/tolakwp/wp-content/plugins/woocommerce/assets/js/frontend/add-to-cart-variation.min7f86.js]
[bracketweb.com/tolakwp/wp-content/plugins/woo-smart-quick-view/assets/libs/slick/slick.min8603.js]
[bracketweb.com/tolakwp/wp-content/plugins/woo-smart-quick-view/assets/libs/perfect-scrollbar/js/perfect-scrollbar.jquery.min8603.js]
[bracketweb.com/tolakwp/wp-content/plugins/woo-smart-quick-view/assets/libs/magnific-popup/jquery.magnific-popup.min8603.js]
[bracketweb.com/tolakwp/wp-content/plugins/woo-smart-quick-view/assets/js/frontend8603.js]
[bracketweb.com/tolakwp/wp-content/plugins/woo-smart-wishlist/assets/js/frontend1f93.js]
[bracketweb.com/tolakwp/wp-includes/js/jquery/ui/core.minb37e.js]
[bracketweb.com/tolakwp/wp-includes/js/jquery/ui/datepicker.minb37e.js]
[bracketweb.com/tolakwp/wp-content/themes/tolak/assets/vendors/bootstrap/js/bootstrap.minbb93.js]
[bracketweb.com/tolakwp/wp-content/plugins/tolak-addon/assets/vendors/bootstrap-select/js/bootstrap-select.minc57d.js]
[bracketweb.com/tolakwp/wp-content/plugins/tolak-addon/assets/vendors/bxslider/jquery.bxslider.minc57d.js]
[bracketweb.com/tolakwp/wp-content/plugins/tolak-addon/assets/vendors/countdown/countdown.minc57d.js]
[bracketweb.com/tolakwp/wp-content/plugins/tolak-addon/assets/vendors/jarallax/jarallax.minc57d.js]
[bracketweb.com/tolakwp/wp-content/plugins/tolak-addon/assets/vendors/jquery-ajaxchimp/jquery.ajaxchimp.minc57d.js]
[bracketweb.com/tolakwp/wp-content/plugins/tolak-addon/assets/vendors/jquery-appear/jquery.appear.minc57d.js]
[bracketweb.com/tolakwp/wp-content/plugins/tolak-addon/assets/vendors/jquery-magnific-popup/jquery.magnific-popup.minc57d.js]
[bracketweb.com/tolakwp/wp-content/plugins/tolak-addon/assets/vendors/odometer/odometer.minc57d.js]
[bracketweb.com/tolakwp/wp-content/plugins/tolak-addon/assets/vendors/owl-carousel/owl.carousel.minc57d.js]
[bracketweb.com/tolakwp/wp-content/plugins/tolak-addon/assets/vendors/jquery-circle-progress/jquery.circle-progress.minc57d.js]
[bracketweb.com/tolakwp/wp-content/plugins/tolak-addon/assets/vendors/swiper/swiper.minc57d.js]
[bracketweb.com/tolakwp/wp-content/plugins/tolak-addon/assets/vendors/wnumb/wNumb.min1884.js]
[bracketweb.com/tolakwp/wp-content/plugins/tolak-addon/assets/vendors/progress-bar/knob1884.js]
[bracketweb.com/tolakwp/wp-content/plugins/tolak-addon/assets/vendors/jquery-lettering/jquery.lettering.min1884.js]
[bracketweb.com/tolakwp/wp-content/plugins/tolak-addon/assets/vendors/wow/wowc57d.js]
[bracketweb.com/tolakwp/wp-content/plugins/tolak-addon/assets/vendors/sharer/sharer.minc57d.js]
[bracketweb.com/tolakwp/wp-content/plugins/tolak-addon/assets/vendors/chart/custome-chart0b4f.js]
[bracketweb.com/tolakwp/wp-content/plugins/tolak-addon/assets/vendors/chart/chart0b4f.js]
[bracketweb.com/tolakwp/wp-content/plugins/tolak-addon/assets/vendors/timepicker/timePickerc57d.js]
[bracketweb.com/tolakwp/wp-content/plugins/tolak-addon/assets/vendors/circleType/jquery.circleTypec57d.js]
[bracketweb.com/tolakwp/wp-content/plugins/tolak-addon/assets/vendors/circleType/jquery.lettering.minc57d.js]
[bracketweb.com/tolakwp/wp-content/plugins/tolak-addon/assets/js/tolak-addon1884.js]
[bracketweb.com/tolakwp/wp-content/themes/tolak/assets/vendors/simpleParallax/simpleParallax.minbb93.js]
[bracketweb.com/tolakwp/wp-content/themes/tolak/assets/vendors/tilt/tilt.jquerybb93.js]
[bracketweb.com/tolakwp/wp-content/themes/tolak/assets/vendors/isotope/isotopee1fc.js]
[bracketweb.com/tolakwp/wp-includes/js/imagesloaded.minbb93.js]
[bracketweb.com/tolakwp/wp-content/themes/tolak/assets/js/tolak-themef494.js]
[bracketweb.com/tolakwp/wp-content/plugins/elementor/assets/js/webpack.runtime.mind5d5.js]
[bracketweb.com/tolakwp/wp-content/plugins/elementor/assets/js/frontend-modules.mind5d5.js]
[bracketweb.com/tolakwp/wp-content/plugins/elementor/assets/lib/waypoints/waypoints.min05da.js]
[bracketweb.com/tolakwp/wp-content/plugins/elementor/assets/js/frontend.mind5d5.js]
[bracketweb.com/tolakwp/onepage-home-two/index.html]
[bracketweb.com/tolakwp/wp-content/plugins/woocommerce/assets/client/blocks/wc-blocks190f.css]
[bracketweb.com/tolakwp/wp-content/plugins/contact-form-7/includes/css/stylese2db.css]
[bracketweb.com/tolakwp/wp-content/plugins/layerdrops-toolbar/assets/css/layerdrops-toolbarf494.css]
[bracketweb.com/tolakwp/wp-content/plugins/woo-smart-quick-view/assets/libs/slick/slick8717.css]
[bracketweb.com/tolakwp/wp-content/plugins/woo-smart-quick-view/assets/libs/perfect-scrollbar/css/perfect-scrollbar.min8717.css]
[bracketweb.com/tolakwp/wp-content/plugins/woo-smart-quick-view/assets/libs/perfect-scrollbar/css/custom-theme8717.css]
[bracketweb.com/tolakwp/wp-content/plugins/woo-smart-quick-view/assets/libs/magnific-popup/magnific-popup8717.css]
[bracketweb.com/tolakwp/wp-content/plugins/woo-smart-quick-view/assets/libs/feather/fonts/feather.eot]
[bracketweb.com/tolakwp/wp-content/plugins/woo-smart-quick-view/assets/libs/feather/fonts/feather.ttf]
[bracketweb.com/tolakwp/wp-content/plugins/woo-smart-quick-view/assets/libs/feather/fonts/feather.woff]
[bracketweb.com/tolakwp/wp-content/plugins/woo-smart-quick-view/assets/libs/feather/feather8717.css]
[bracketweb.com/tolakwp/wp-content/plugins/woo-smart-quick-view/assets/css/icons8603.css]
[bracketweb.com/tolakwp/wp-content/plugins/woo-smart-quick-view/assets/css/frontend8603.css]
[bracketweb.com/tolakwp/wp-content/plugins/woo-smart-wishlist/assets/css/icons1f93.css]
[bracketweb.com/tolakwp/wp-content/plugins/woo-smart-wishlist/assets/css/frontend1f93.css]
[bracketweb.com/tolakwp/wp-content/plugins/elementor/assets/lib/eicons/css/elementor-icons.mine94d.css]
[bracketweb.com/tolakwp/wp-content/plugins/woo-smart-quick-view/assets/libs/feather/fonts/feather.svg]
[bracketweb.com/tolakwp/wp-content/plugins/elementor/assets/css/frontend-lite.mind5d5.css]
[bracketweb.com/tolakwp/wp-content/plugins/elementor/assets/lib/swiper/v8/css/swiper.min94a4.css]
[bracketweb.com/tolakwp/wp-content/uploads/elementor/css/post-55274.css]
[bracketweb.com/tolakwp/wp-content/uploads/elementor/css/post-191396fa.css]
[bracketweb.com/tolakwp/wp-content/plugins/tolak-addon/assets/vendors/animate/animate.minc57d.css]
[bracketweb.com/tolakwp/wp-content/plugins/tolak-addon/assets/vendors/animate/custom-animatec57d.css]
[bracketweb.com/tolakwp/wp-content/plugins/tolak-addon/assets/vendors/bootstrap-select/css/bootstrap-select.minc57d.css]
[bracketweb.com/tolakwp/wp-content/plugins/tolak-addon/assets/vendors/images/icon/bx_loader.gif]
[bracketweb.com/tolakwp/wp-content/plugins/tolak-addon/assets/vendors/img/bx-slider/controls.png]
[bracketweb.com/tolakwp/wp-content/plugins/tolak-addon/assets/vendors/bxslider/jquery.bxsliderc57d.css]
[bracketweb.com/tolakwp/wp-content/plugins/tolak-addon/assets/vendors/jarallax/jarallaxc57d.css]
[bracketweb.com/tolakwp/wp-content/plugins/tolak-addon/assets/vendors/jquery-magnific-popup/jquery.magnific-popupc57d.css]
[bracketweb.com/tolakwp/wp-content/plugins/tolak-addon/assets/vendors/odometer/odometer.minc57d.css]
[bracketweb.com/tolakwp/wp-content/plugins/tolak-addon/assets/vendors/owl-carousel/owl.video.play.png]
[bracketweb.com/tolakwp/wp-content/plugins/tolak-addon/assets/vendors/owl-carousel/owl.carousel.minc57d.css]
[bracketweb.com/tolakwp/wp-content/plugins/tolak-addon/assets/vendors/owl-carousel/owl.theme.default.minc57d.css]
[bracketweb.com/tolakwp/wp-content/plugins/tolak-addon/assets/vendors/reey-font/reey-regular-webfont.woff2]
[bracketweb.com/tolakwp/wp-content/plugins/tolak-addon/assets/vendors/reey-font/reey-regular-webfont.woff]
[bracketweb.com/tolakwp/wp-content/plugins/tolak-addon/assets/vendors/reey-font/stylesheetc57d.css]
[bracketweb.com/tolakwp/wp-content/plugins/tolak-addon/assets/vendors/alagambe-font/alagambe-webfont.woff2]
[bracketweb.com/tolakwp/wp-content/plugins/tolak-addon/assets/vendors/alagambe-font/alagambe-webfont.woff]
[bracketweb.com/tolakwp/wp-content/plugins/tolak-addon/assets/vendors/alagambe-font/stylesheetc57d.css]
[bracketweb.com/tolakwp/wp-content/plugins/tolak-addon/assets/vendors/timepicker/images/ui-icons_444444_256x240.png]
[bracketweb.com/tolakwp/wp-content/plugins/tolak-addon/assets/vendors/timepicker/timePickerc57d.css]
[bracketweb.com/tolakwp/wp-content/plugins/tolak-addon/assets/vendors/jquery-ui/images/ui-bg_highlight-soft_75_cccccc_1x100.png]
[bracketweb.com/tolakwp/wp-content/plugins/tolak-addon/assets/vendors/jquery-ui/images/ui-bg_glass_75_e6e6e6_1x400.png]
[bracketweb.com/tolakwp/wp-content/plugins/tolak-addon/assets/vendors/jquery-ui/images/ui-bg_glass_75_dadada_1x400.png]
[bracketweb.com/tolakwp/wp-content/plugins/tolak-addon/assets/vendors/jquery-ui/images/ui-bg_glass_65_ffffff_1x400.png]
[bracketweb.com/tolakwp/wp-content/plugins/tolak-addon/assets/vendors/jquery-ui/images/ui-bg_glass_55_fbf9ee_1x400.png]
[bracketweb.com/tolakwp/wp-content/plugins/tolak-addon/assets/vendors/jquery-ui/images/ui-bg_glass_95_fef1ec_1x400.png]
[bracketweb.com/tolakwp/wp-content/plugins/tolak-addon/assets/vendors/jquery-ui/images/ui-icons_222222_256x240.png]
[bracketweb.com/tolakwp/wp-content/plugins/tolak-addon/assets/vendors/jquery-ui/images/ui-icons_888888_256x240.png]
[bracketweb.com/tolakwp/wp-content/plugins/tolak-addon/assets/vendors/jquery-ui/images/ui-icons_454545_256x240.png]
[bracketweb.com/tolakwp/wp-content/plugins/tolak-addon/assets/vendors/jquery-ui/images/ui-icons_2e83ff_256x240.png]
[bracketweb.com/tolakwp/wp-content/plugins/tolak-addon/assets/vendors/jquery-ui/jquery-uic57d.css]
[bracketweb.com/tolakwp/wp-content/plugins/tolak-addon/assets/css/tolak-addonc57d.css]
[bracketweb.com/tolakwp/wp-content/themes/tolak/assets/vendors/flaticons/css/flaticon4963.css]
[bracketweb.com/tolakwp/wp-content/themes/tolak/assets/vendors/tolak-icons/fonts/icomoonff33.eot]
[bracketweb.com/tolakwp/wp-content/themes/tolak/assets/vendors/tolak-icons/fonts/icomoonff33.ttf]
[bracketweb.com/tolakwp/wp-content/themes/tolak/assets/vendors/tolak-icons/fonts/icomoonff33.woff]
[bracketweb.com/tolakwp/wp-content/themes/tolak/assets/vendors/tolak-icons/style4963.css]
[bracketweb.com/tolakwp/wp-content/themes/tolak/assets/vendors/tolak-icons/fonts/icomoonff33.svg]
[bracketweb.com/tolakwp/wp-content/themes/tolak/assets/vendors/tolak-icons-two/fonts/tolak-icons-two34c9.eot]
[bracketweb.com/tolakwp/wp-content/themes/tolak/assets/vendors/tolak-icons-two/fonts/tolak-icons-two34c9.ttf]
[bracketweb.com/tolakwp/wp-content/themes/tolak/assets/vendors/tolak-icons-two/fonts/tolak-icons-two34c9.woff]
[bracketweb.com/tolakwp/wp-content/themes/tolak/assets/vendors/tolak-icons-two/style4963.css]
[bracketweb.com/tolakwp/wp-content/themes/tolak/assets/vendors/bootstrap/css/bootstrap.minbb93.css]
[bracketweb.com/tolakwp/wp-content/themes/tolak/assets/vendors/fontawesome/css/all.min9e0b.css]
[bracketweb.com/tolakwp/wp-content/themes/tolak/assets/vendors/tolak-icons-two/fonts/tolak-icons-two34c9.svg]
[bracketweb.com/tolakwp/wp-content/themes/tolak/assets/vendors/icofont/icofont.min9e0b.css]
[bracketweb.com/tolakwp/wp-content/themes/images/shapes/leaf-1-1.c3.delayed]
[bracketweb.com/tolakwp/wp-content/themes/images/shapes/team-shape-1.png]
[bracketweb.com/tolakwp/wp-content/themes/images/shapes/testimonial-bg-quote.png]
[bracketweb.com/tolakwp/wp-content/themes/images/close.png]
[bracketweb.com/tolakwp/wp-content/themes/images/backgrounds/page-header-bg-1-1.png]
[bracketweb.com/tolakwp/wp-content/themes/images/shapes/page-header-bg-1-2.png]
[bracketweb.com/tolakwp/wp-content/themes/images/shapes/page-header-bg-shape-1.png]
[bracketweb.com/tolakwp/wp-content/themes/images/shapes/page-header-bg-shape-2.png]
[bracketweb.com/tolakwp/wp-content/themes/images/shapes/slider-1-overlay.png]
[bracketweb.com/tolakwp/wp-content/themes/images/shapes/about-2-shape-3.png]
[bracketweb.com/tolakwp/wp-content/themes/images/shapes/project-1-hover.png]
[bracketweb.com/tolakwp/wp-content/themes/images/shapes/solution-1-1-shape.png]
[bracketweb.com/tolakwp/wp-content/themes/images/shapes/work-process-overlay.png]
[bracketweb.com/tolakwp/wp-content/themes/tolak/assets/images/shapes/slider-7-overlay.png]
[bracketweb.com/tolakwp/wp-content/themes/tolak/assets/images/shapes/project-3-overlay.png]
[bracketweb.com/tolakwp/wp-content/themes/tolak/assets/images/shapes/project-4-overlay.png]
[bracketweb.com/tolakwp/wp-content/themes/tolak/assets/images/solution-1-1-shape.png]
[bracketweb.com/tolakwp/wp-content/themes/tolak/assets/images/shapes/slider-1-overlay.png]
[bracketweb.com/tolakwp/wp-content/themes/tolak/assets/images/shapes/team-shape-1.png]
[bracketweb.com/tolakwp/wp-content/themes/tolak/assets/images/shapes/testimonial-bg-quote.png]
[bracketweb.com/tolakwp/wp-content/themes/tolak/assets/images/close.png]
[bracketweb.com/tolakwp/wp-content/themes/tolak/assets/images/shapes/about-2-shape-3.png]
[bracketweb.com/tolakwp/wp-content/themes/tolak/assets/images/shapes/work-process-overlay.png]
[bracketweb.com/tolakwp/wp-content/themes/tolak/assets/images/shapes/project-1-hover.png]
[bracketweb.com/tolakwp/wp-content/themes/tolak/assets/images/shapes/solution-1-1-shape.png]
[bracketweb.com/tolakwp/wp-content/themes/tolak/stylef494.css]
[bracketweb.com/tolakwp/wp-content/plugins/elementor/assets/lib/font-awesome/css/fontawesome.min52d5.css]
[bracketweb.com/tolakwp/wp-content/plugins/elementor/assets/lib/font-awesome/css/brands.min52d5.css]
[bracketweb.com/tolakwp/wp-content/plugins/tolak-addon/assets/vendors/tolak-icons/fonts/icomoonff33.eot]
[bracketweb.com/tolakwp/wp-content/plugins/tolak-addon/assets/vendors/tolak-icons/fonts/icomoonff33.ttf]
[bracketweb.com/tolakwp/wp-content/plugins/tolak-addon/assets/vendors/tolak-icons/fonts/icomoonff33.woff]
[bracketweb.com/tolakwp/wp-content/plugins/tolak-addon/assets/vendors/tolak-icons/style4963.css]
[bracketweb.com/tolakwp/wp-content/uploads/elementor/css/post-195396fa.css]
[bracketweb.com/tolakwp/wp-content/uploads/elementor/css/post-1893a102.css]
[bracketweb.com/tolakwp/wp-content/plugins/tolak-addon/assets/vendors/tolak-icons/fonts/icomoonff33.svg]
[bracketweb.com/tolakwp/wp-content/uploads/2024/02/footer-2-shape.png]
[bracketweb.com/tolakwp/wp-content/uploads/2024/02/footer-bg-2-1.jpg]
[bracketweb.com/tolakwp/wp-content/uploads/elementor/css/post-1022c7b7.css]
[bracketweb.com/tolakwp/wp-content/plugins/woo-smart-quick-view/assets/libs/feather/fonts/feather.svg]
[bracketweb.com/tolakwp/wp-content/plugins/tolak-addon/assets/vendors/images/icon/bx_loader.html]
[bracketweb.com/tolakwp/wp-content/plugins/tolak-addon/assets/vendors/img/bx-slider/controls.html]
[bracketweb.com/tolakwp/wp-content/plugins/tolak-addon/assets/vendors/owl-carousel/owl.video.play.html]
[bracketweb.com/tolakwp/wp-content/plugins/tolak-addon/assets/vendors/timepicker/images/ui-icons_444444_256x240.html]
[bracketweb.com/tolakwp/wp-content/themes/tolak/assets/vendors/tolak-icons/fonts/icomoonff33.svg]
[bracketweb.com/tolakwp/wp-content/themes/tolak/assets/vendors/tolak-icons-two/fonts/tolak-icons-two34c9.svg]
[bracketweb.com/tolakwp/wp-content/themes/images/shapes/leaf-1-1.html]
[bracketweb.com/tolakwp/wp-content/themes/images/shapes/team-shape-1.html]
[bracketweb.com/tolakwp/wp-content/themes/images/shapes/testimonial-bg-quote.html]
[bracketweb.com/tolakwp/wp-content/themes/images/close.html]
[bracketweb.com/tolakwp/wp-content/themes/images/backgrounds/page-header-bg-1-1.html]
[bracketweb.com/tolakwp/wp-content/themes/images/shapes/page-header-bg-1-2.html]
[bracketweb.com/tolakwp/wp-content/themes/images/shapes/page-header-bg-shape-1.html]
[bracketweb.com/tolakwp/wp-content/themes/images/shapes/page-header-bg-shape-2.html]
[bracketweb.com/tolakwp/wp-content/themes/images/shapes/slider-1-overlay.html]
[bracketweb.com/tolakwp/wp-content/themes/images/shapes/about-2-shape-3.html]
[bracketweb.com/tolakwp/wp-content/themes/images/shapes/project-1-hover.html]
[bracketweb.com/tolakwp/wp-content/themes/images/shapes/solution-1-1-shape.html]
[bracketweb.com/tolakwp/wp-content/themes/images/shapes/work-process-overlay.html]
[bracketweb.com/tolakwp/wp-content/plugins/tolak-addon/assets/vendors/tolak-icons/fonts/icomoonff33.svg]
[bracketweb.com/tolakwp/wp-content/plugins/tolak-addon/assets/vendors/jquery-ui/images/ui-icons_cd0a0a_256x240.png]
[bracketweb.com/tolakwp/wp-content/themes/tolak/assets/vendors/icofont/fonts/icofont.woff2]
[bracketweb.com/tolakwp/wp-content/themes/tolak/assets/vendors/icofont/fonts/icofont.woff]
